2026-04-06 22:42:31,698 - INFO - Creating occurrences dataframe...
2026-04-06 22:42:33,164 - INFO - Finished creating occurrences dataframe!
Creating taxa dataframes...
2026-04-06 22:42:34,635 - INFO - Finished creating taxa dataframes!
Scraping taxa data...
2026-04-06 22:43:36,489 - INFO - Finished scraping taxa data in 61.8474s!
Creating SQL tables...
2026-04-06 22:43:36,525 - INFO - Finished creating SQL tables!
2026-04-06 22:43:36,525 - INFO - ------------------- All done! -------------------
2026-04-06 22:47:37,954 - INFO - Creating occurrences dataframe...
2026-04-06 22:47:39,431 - INFO - Finished creating occurrences dataframe!
Creating taxa dataframes...
2026-04-06 22:47:40,936 - INFO - Finished creating taxa dataframes!
Scraping taxa data...
2026-04-06 22:48:40,623 - INFO - Finished scraping taxa data in 59.6803s!
Creating SQL tables...
2026-04-06 22:48:40,664 - INFO - Finished creating SQL tables!
2026-04-06 22:48:40,664 - INFO - ------------------- All done! -------------------
2026-04-06 22:50:21,465 - INFO - Creating occurrences dataframe...
2026-04-06 22:50:24,382 - INFO - Finished creating occurrences dataframe!
Creating taxa dataframes...
2026-04-06 22:50:26,049 - INFO - Finished creating taxa dataframes!
Scraping taxa data...
2026-04-06 22:56:23,720 - INFO - Running in TEST MODE - only processing first 10 genera
2026-04-06 23:07:43,389 - INFO - Running in TEST MODE - only processing first 10 genera
2026-04-06 23:08:16,376 - INFO - Running in TEST MODE - only processing first 10 genera
2026-04-06 23:08:58,482 - INFO - Running in TEST MODE - only processing first 10 genera
2026-04-06 23:09:16,289 - INFO - Running in TEST MODE - only processing first 10 genera
2026-04-06 23:09:31,569 - INFO - Running in TEST MODE - only processing first 10 genera
2026-04-06 23:09:47,325 - INFO - Running in TEST MODE - only processing first 10 genera
2026-04-06 23:09:59,054 - INFO - Running in TEST MODE - only processing first 10 genera
2026-04-06 23:10:13,310 - INFO - Running in TEST MODE - only processing first 10 genera
2026-04-06 23:10:21,735 - INFO - Running in TEST MODE - only processing first 10 genera
2026-04-06 23:11:55,439 - INFO - Running in FULL MODE - processing all genera
2026-04-06 23:11:55,439 - INFO - Creating occurrences dataframe...
2026-04-06 23:11:57,043 - INFO - Finished creating occurrences dataframe!
Creating taxa dataframes...
2026-04-06 23:11:58,438 - INFO - Finished creating taxa dataframes!
Scraping taxa data...
2026-04-06 23:13:07,982 - INFO - Finished scraping taxa data in 69.5402s!
Creating SQL tables...
2026-04-06 23:13:08,014 - INFO - Finished creating SQL tables!
2026-04-06 23:13:08,014 - INFO - ------------------- All done! -------------------
